// Jest Snapshot v1, https://goo.gl/fbAQLP

exports[`Card Tests Renders title and content correctly 1`] = `
<div
  className="Card"
>
  <h3>
    The Title
  </h3>
  <p>
    THis is content
  </p>
</div>
`;
